﻿
> heitor-cd@1.0.0 build
> tsc -p tsconfig.json && vite build && electron-builder

[36mvite v5.4.21 [32mbuilding for production...[36m[39m
transforming...
[32mÔ£ô[39m 70 modules transformed.
rendering chunks...
computing gzip size...
[2m../../dist/renderer/[22m[32mindex.html                 [39m[1m[2m  0.57 kB[22m[1m[22m[2m Ôöé gzip:  0.37 kB[22m
[2m../../dist/renderer/[22m[35massets/index-BVOLRM_C.css  [39m[1m[2m 34.65 kB[22m[1m[22m[2m Ôöé gzip:  5.64 kB[22m
[2m../../dist/renderer/[22m[36massets/index-DG9jR8Mk.js   [39m[1m[2m201.67 kB[22m[1m[22m[2m Ôöé gzip: 63.59 kB[22m
[32mÔ£ô built in 2.37s[39m
  ÔÇó electron-builder  version=26.8.1 os=10.0.26200
  ÔÇó executing @electron/rebuild  electronVersion=35.7.5 arch=x64 buildFromSource=false workspaceRoot=C:\Users\danil\workspace\heitor-cd projectDir=./ appDir=./
  ÔÇó installing native dependencies  arch=x64
  ÔÇó preparing       moduleName=cpu-features arch=x64
  ÔÇó finished        moduleName=cpu-features arch=x64
  ÔÇó completed installing native dependencies
  ÔÇó packaging       platform=win32 arch=x64 electron=35.7.5 appOutDir=dist\win-unpacked
  ÔÇó searching for node modules  pm=npm searchDir=C:\Users\danil\workspace\heitor-cd
node.exe : (node:33724) [DEP0190] DeprecationWarning: Passing args to a child 
process with shell option true can lead to security vulnerabilities, as the 
arguments are not escaped, only concatenated.
No linha:1 caractere:1
+ & "C:\Program Files\nodejs/node.exe" "C:\Users\danil\AppData\Roaming\ ...
+ ~~~~~~~~~~~~~~~~~~~~~~~~~~~~~~~~~~~~~~~~~~~~~~~~~~~~~~~~~~~~~~~~~~~~~
    + CategoryInfo          : NotSpecified: ((node:33724) [D...y concatenated. 
   :String) [], RemoteException
    + FullyQualifiedErrorId : NativeCommandError
 
(Use `node --trace-deprecation ...` to show where the warning was created)
  ÔÇó duplicate dependency references  dependencies=["@react-aria/interactions@3.27.1","@react-aria/ssr@3.9.10","@react-stately/flags@3.1.2","@swc/helpers@0.5.19","react@18.3.1","@swc/helpers@0.5.19","react-dom@18.3.1","react@18.3.1","react@18.3.1","react-dom@18.3.1","react@18.3.1","@swc/helpers@0.5.19","react@18.3.1","@react-aria/utils@3.33.1","@swc/helpers@0.5.19","@swc/helpers@0.5.19","react-dom@18.3.1","react@18.3.1","@react-aria/focus@3.21.5","@swc/helpers@0.5.19","@swc/helpers@0.5.19","@formatjs/fast-memoize@2.2.7","@formatjs/ecma402-abstract@2.3.6","@formatjs/ecma402-abstract@2.3.6","@swc/helpers@0.5.19","@swc/helpers@0.5.19","@react-aria/ssr@3.9.10","@react-aria/utils@3.33.1","@swc/helpers@0.5.19","react-dom@18.3.1","react@18.3.1","@react-aria/interactions@3.27.1","@react-aria/ssr@3.9.10","@react-aria/utils@3.33.1","@react-aria/interactions@3.27.1","@react-aria/utils@3.33.1","@swc/helpers@0.5.19","react-dom@18.3.1","react@18.3.1","@react-stately/flags@3.1.2","@react-stately/utils@3.11.0","@react-types/overlays@3.9.4","@swc/helpers@0.5.19","react@18.3.1","react@18.3.1","react@18.3.1","@swc/helpers@0.5.19","react-dom@18.3.1","react@18.3.1","protobufjs@7.5.4","yargs@17.7.2","protobufjs@7.5.4","string-width@4.2.3","string-width@4.2.3","strip-ansi@6.0.1","strip-ansi@6.0.1","once@1.4.0","readable-stream@3.6.2","end-of-stream@1.4.5","readable-stream@3.6.2","react-dom@18.3.1","react@18.3.1","react@18.3.1","react@18.3.1","loose-envify@1.4.0","i18next@23.16.8","react@18.3.1","loose-envify@1.4.0"]
